// Jest Snapshot v1, https://goo.gl/fbAQLP

exports[`matches the previous snapshot of the BrowseCharacters Component 1`] = `
<div>
  <div
    id="browseCharactersGrid"
  />
</div>
`;
