// Jest Snapshot v1, https://goo.gl/fbAQLP

exports[`matches the previous snapshot of the Login Component 1`] = `
<div
  id="register"
>
  <h2>
    Login If You Have an Account
  </h2>
  <input
    autoComplete="off"
    name="email"
    onChange={[Function]}
    placeholder="email"
    type="email"
  />
  <input
    autoComplete="off"
    name="password"
    onChange={[Function]}
    placeholder="password"
    type="password"
  />
  <button
    onClick={[Function]}
  >
    Login
  </button>
  <p
    id="forgotPassword"
  >
    Forgot your
     
    <a
      href="/ResetPassword"
      id="textDecoration"
      onClick={[Function]}
    >
      password?
    </a>
  </p>
  <p
    id="ifYou"
  >
    If you don't have an account, please
     
    <a
      href="/"
      id="textDecoration"
      onClick={[Function]}
    >
      register
    </a>
     
    first.
  </p>
</div>
`;
